// Jest Snapshot v1, https://goo.gl/fbAQLP

exports[`Component: <LoginRegisterButtonGroup /> renders correctly 1`] = `
<DocumentFragment>
  <div
    class="ui buttons"
  >
    <a
      class="ui button"
      href="http://api.example.com/oauth/authorize?client_id=CLIENTID&redirect_uri=http%3A%2F%2Flocalhost%2F&response_type=code&state=%7B%7D"
    >
      Log in
    </a>
    <div
      class="or"
      data-text="/"
    />
    <a
      class="ui button primary"
      href="http://api.example.com/user/register?destination=/oauth/authorize%3Fclient_id%3DCLIENTID%26redirect_uri%3Dhttp%253A%252F%252Flocalhost%252F%26response_type%3Dcode%26state%3D%257B%257D"
    >
      Sign up
    </a>
  </div>
</DocumentFragment>
`;
